INFO pipeline.data.assets: fetch_prices: 99/99 resolved (wrds=99, yfinance=0, cache=0, missing=0)
/Users/joshmuthu/thesis/.venv/lib/python3.13/site-packages/pandas/core/arraylike.py:402: RuntimeWarning: invalid value encountered in log
  result = getattr(ufunc, method)(*inputs, **kwargs)
INFO pipeline.data.drivers: build_driver_pool: 33/33 drivers retained (0 dropped); 5033 trading days
Joint panel: (4781, 132) (33 drivers + 99 assets), 215 rebalances
[dynotears w189] rebalances=215 (insufficient lookback: 0) | cache: 215/215 hits
[dynotears w252] rebalances=215 (insufficient lookback: 0) | cache: 215/215 hits
[dynotears w378] rebalances=215 (insufficient lookback: 6) | cache: 209/209 hits
[dynotears w504] rebalances=215 (insufficient lookback: 12) | cache: 203/203 hits
[varlingam w189] rebalances=215 (insufficient lookback: 0) | cache: 215/215 hits
[varlingam w252] rebalances=215 (insufficient lookback: 0) | cache: 215/215 hits
[varlingam w378] rebalances=215 (insufficient lookback: 6) | cache: 209/209 hits
[varlingam w504] rebalances=215 (insufficient lookback: 12) | cache: 203/203 hits

DAG diagnostics → /Users/joshmuthu/thesis/results/phase_ii_dag_diagnostics.csv
                  n_windows  mean_density  mean_depth  max_depth   mean_edges  all_dags
method    window                                                                       
dynotears 189           215      0.063255   49.995349         64   613.702326      True
          252           215      0.064396   49.711628         72   624.767442      True
          378           209      0.067361   50.095694         66   653.535885      True
          504           203      0.069391   50.773399         70   673.231527      True
varlingam 189           215      0.319505   63.302326         78  3099.837209      True
          252           215      0.146241   39.958140         55  1418.832558      True
          378           209      0.069330   29.909091         48   672.641148      True
          504           203      0.066080   31.059113         49   641.108374      True

CACHE-HIT GATE PASSED for all requested combos.
